$ pnpm --filter @wwm/extension build:web && vite build
$ tsx scripts/build-web.ts
Public extension: /downloads/wwm-maze-this-page-0.1.1.zip → https://wwm.ewj.dev (SHA-256 ee6ac588df886701fbec3a99a8c8fcca8d33c2186b96d550c95ce54558da34e2)
vite v8.3.1 building client environment for production...
transforming...
✓ 745 modules transformed.
rendering chunks...
computing gzip size...
dist/index.html                                                       2.03 kB │ gzip:   0.86 kB
dist/assets/synthesis.worker-B5s8l2VX.js                              2.07 kB
dist/assets/ibm-plex-mono-vietnamese-500-normal-C8zxqsMH.woff         5.61 kB
dist/assets/ibm-plex-mono-vietnamese-400-normal-DDuiU_S-.woff         5.62 kB
dist/assets/ibm-plex-mono-cyrillic-ext-500-normal-BIfNGwUT.woff       5.77 kB
dist/assets/ibm-plex-mono-cyrillic-ext-400-normal-DMdlQ8Kv.woff       5.82 kB
dist/assets/ibm-plex-mono-vietnamese-400-normal-BulugwFq.woff2        5.86 kB
dist/assets/ibm-plex-mono-vietnamese-500-normal-DZ4AoWbu.woff2        6.04 kB
dist/assets/ibm-plex-mono-cyrillic-ext-400-normal-xuaO2J-f.woff2      6.91 kB
dist/assets/ibm-plex-mono-cyrillic-ext-500-normal-BqneJy0T.woff2      6.97 kB
dist/assets/ibm-plex-mono-cyrillic-400-normal-CEL4l2ZJ.woff           7.20 kB
dist/assets/ibm-plex-mono-cyrillic-500-normal-Ael50iVv.woff           7.20 kB
dist/assets/ibm-plex-mono-cyrillic-400-normal-BSMlKf0J.woff2          8.35 kB
dist/assets/ibm-plex-mono-cyrillic-500-normal-Bq9vWWag.woff2          8.46 kB
dist/assets/issue-bi1-before-CSScy-gZ.png                             8.62 kB
dist/assets/issue-bi1-after-BlSpCbNx.png                              9.68 kB
dist/assets/figtree-latin-ext-wght-normal-DCwSJGxG.woff2             10.28 kB
dist/assets/instrument-sans-latin-ext-wght-normal-B5bTHO_g.woff2     11.14 kB
dist/assets/ibm-plex-mono-latin-ext-400-normal-D3D2R8hC.woff         11.76 kB
dist/assets/ibm-plex-mono-latin-ext-500-normal-CZ70TYgx.woff         11.76 kB
dist/assets/example-sparse-BnURBWBi.png                              13.14 kB
dist/assets/ibm-plex-mono-latin-400-normal-CvHOgSBP.woff             13.14 kB
dist/assets/ibm-plex-mono-latin-500-normal-CB9ihrfo.woff             13.15 kB
dist/assets/ibm-plex-mono-latin-ext-400-normal-BmRBH3aV.woff2        13.34 kB
dist/assets/ibm-plex-mono-latin-ext-500-normal-CAhNIIs5.woff2        13.43 kB
dist/assets/unbounded-vietnamese-wght-normal-rat7GD3o.woff2          13.88 kB
dist/assets/ibm-plex-mono-latin-400-normal-DMJ8VG8y.woff2            14.70 kB
dist/assets/ibm-plex-mono-latin-500-normal-DSY6xOcd.woff2            14.88 kB
dist/assets/issue-bi3-before-BYXIHgrj.png                            15.23 kB
dist/assets/screenshot-CQIZ5TOv.png                                  17.09 kB
dist/assets/issue-bi3-after-DXtUC3-t.png                             17.32 kB
dist/assets/figtree-latin-wght-normal-D_ZTVpCC.woff2                 20.15 kB
dist/assets/06-popup-restricted-C1HoTCHV.jpg                         21.03 kB
dist/assets/issue-bi2-before-BDOTEaCO.png                            22.09 kB
dist/assets/01-popup-capturing-Bk4Udv0p.jpg                          22.15 kB
dist/assets/02-popup-done-DMcDDDTE.jpg                               22.86 kB
dist/assets/issue-bi2-after-CjS-b6xn.png                             23.64 kB
dist/assets/issue-bi4-after-DiNUpbRO.png                             24.46 kB
dist/assets/issue-bi4-before-DKU8TK0l.png                            26.89 kB
dist/assets/newsreader-vietnamese-opsz-normal-BjhtXyW2.woff2         27.24 kB
dist/assets/newsreader-vietnamese-opsz-italic-DTr-ymY4.woff2         27.90 kB
dist/assets/instrument-sans-latin-wght-normal-BbzFLZTg.woff2         30.09 kB
dist/assets/unbounded-cyrillic-wght-normal-C627f1f8.woff2            31.42 kB
dist/assets/20-result-tally-CF2PPX_2.jpg                             37.13 kB
dist/assets/22-ranking-BwgidDo_.jpg                                  39.67 kB
dist/assets/23-ranking-submitted-BybzlsBS.jpg                        39.94 kB
dist/assets/screenshot-Ckw6-FFn.png                                  39.96 kB
dist/assets/goal-fireworks-2_2s-DSHgkcc6.jpg                         42.61 kB
dist/assets/21-result-AIxzc5lV.jpg                                   46.76 kB
dist/assets/24b-ranking-after-gameover-DJx1bDtZ.jpg                  50.54 kB
dist/assets/unbounded-latin-wght-normal-D5afBTBx.woff2               50.90 kB
dist/assets/05-calibrate-C7btQxGS.jpg                                51.23 kB
dist/assets/02-howto-CfxLL0wB.jpg                                    53.40 kB
dist/assets/handmade-simple-DJ56GUAN.png                             56.41 kB
dist/assets/08-receiver-waiting-C0iyiPTd.jpg                         56.51 kB
dist/assets/issue-bi5-after-CxgIqQv9.png                             56.51 kB
dist/assets/issue-bi5-before-FXXOcFqC.png                            57.64 kB
dist/assets/goal-fireworks-CTCt1aDZ.jpg                              58.48 kB
dist/assets/07-building-CaSmimXY.jpg                                 66.46 kB
dist/assets/goal-fireworks-3_6s-BTlwCIUr.jpg                         67.76 kB
dist/assets/04-connected-D9eoemzC.jpg                                69.72 kB
dist/assets/03-pairing-QRAsc5Gs.jpg                                  70.73 kB
dist/assets/docent-rate-limited-BSoHHarM.png                         71.61 kB
dist/assets/15-disconnect-CrwJmj7Y.jpg                               76.32 kB
dist/assets/19-goal-DpqK6nzo.jpg                                     78.06 kB
dist/assets/goal-fireworks-1_6s-C4b6IDQW.jpg                         81.06 kB
dist/assets/intro-2_5s-BNb3SPgm.jpg                                  81.89 kB
dist/assets/goal-fireworks-4_6s-Bb3KpZm7.jpg                         82.21 kB
dist/assets/16-timeup-B-zC158k.jpg                                   82.64 kB
dist/assets/intro-0_4s-BZ4QVemR.jpg                                  83.33 kB
dist/assets/log-desktop-case-DEAMGi0X.png                            85.04 kB
dist/assets/25-error-ns2MCPBD.jpg                                    85.82 kB
dist/assets/newsreader-latin-ext-opsz-normal-BQn1nviT.woff2          86.60 kB
dist/assets/mdn-dark-docs-ZqxXPGUx.png                               87.23 kB
dist/assets/24-gameover-S2VNkW_T.jpg                                 88.32 kB
dist/assets/intro-12_8s-wrPsOBvo.jpg                                 90.75 kB
dist/assets/screenshot-COviM0AY.png                                  95.21 kB
dist/assets/newsreader-latin-ext-opsz-italic-CSPGnFdO.woff2          95.54 kB
dist/assets/phone-02-play-HrjIx3Nu.jpg                               97.05 kB
dist/assets/intro-10_5s-B_AF1Ra1.jpg                                 97.06 kB
dist/assets/ranking-run-card-DtjoqSeC.png                            97.23 kB
dist/assets/phone-01-select-CsPYlHVv.jpg                             97.40 kB
dist/assets/result-card-preview-DkU4ElfY.png                         97.59 kB
dist/assets/intro-skip-C7amedSl.jpg                                  98.29 kB
dist/assets/08-intro-fold-DLR-1C7y.jpg                               98.55 kB
dist/assets/chase-start-Dlhv3bNP.jpg                                 98.57 kB
dist/assets/intro-14_8s-DMLEeihc.jpg                                 98.79 kB
dist/assets/items-pop-Bcwm3dhh.jpg                                  102.00 kB
dist/assets/intro-8_4s-6Zbpqf9X.jpg                                 103.40 kB
dist/assets/journey-ranking-BWrvRDWf.jpg                            103.65 kB
dist/assets/chase-ramp-CWGcZZ-H.jpg                                 107.25 kB
dist/assets/18-countdown-Cv3k7Gd3.jpg                               107.27 kB
dist/assets/docent-network-error-D-bt9SzX.png                       108.48 kB
dist/assets/intro-4_2s-BQ_G1_pg.jpg                                 109.87 kB
dist/assets/09-intro-flyover-w9C8vQ_n.jpg                           111.43 kB
dist/assets/spawn-cage-Cmx888SN.jpg                                 115.56 kB
dist/assets/chase-route-6QLJfgWQ.jpg                                116.24 kB
dist/assets/unbounded-latin-ext-wght-normal-D6H-S6MW.woff2          118.34 kB
dist/assets/log-desktop-record-DIyGv2wC.png                         119.07 kB
dist/assets/ladder-throttled-DwNESazb.jpg                           119.78 kB
dist/assets/28-title-narrow-C390MQ7Q.jpg                            119.96 kB
dist/assets/ranking-mobile-C-D5clO6.png                             120.06 kB
dist/assets/intro-fast-3s-CSTPG9pe.jpg                              120.19 kB
dist/assets/intro-5_6s-DuP8w91r.jpg                                 120.81 kB
dist/assets/intro-7s-Dn3xO8fj.jpg                                   120.83 kB
dist/assets/run-one-site-B1qtpNME.png                               121.14 kB
dist/assets/ladder-recovered-DuEo_mKy.jpg                           124.09 kB
dist/assets/elevator-BQcne0Gm.jpg                                   125.41 kB
dist/assets/29-select-narrow-l9w5h4y0.jpg                           127.15 kB
dist/assets/09-select-hint-DwipK4Oy.jpg                             128.83 kB
dist/assets/journey-result-BPzYOmwz.jpg                             129.57 kB
dist/assets/worker-run--1XXHLjz.png                                 129.77 kB
dist/assets/map-COYUSWI3.jpg                                        130.20 kB
dist/assets/log-DZymvBXN.png                                        130.83 kB
dist/assets/newsreader-latin-opsz-normal-s-izfB6B.woff2             132.00 kB
dist/assets/fall-ripple-CLRfrBaz.jpg                                133.21 kB
dist/assets/docent-log-compact-B5OIRlXr.png                         136.97 kB
dist/assets/dashboard-cards-after-OZdxoB5I.png                      138.00 kB
dist/assets/log-desktop-night-C0b9_Fie.png                          139.73 kB
dist/assets/dev-ranking-preview-CUfRvyX4.png                        140.55 kB
dist/assets/log-table-jzxtHNw1.png                                  141.75 kB
dist/assets/govuk-card-grid-VH-FrfNB.png                            142.99 kB
dist/assets/04-shared-CZu0H5Z3.jpg                                  143.75 kB
dist/assets/07-mazify-DyOH49XL.jpg                                  145.35 kB
dist/assets/admin-mobile-D_estt9d.png                               145.92 kB
dist/assets/newsreader-latin-opsz-italic-kJKFiXvB.woff2             146.87 kB
dist/assets/docent-idle-UV1TVtRb.png                                149.82 kB
dist/assets/run-rank-DDAk7uYc.png                                   149.97 kB
dist/assets/worker-journey-Cx6sLsWK.png                             151.16 kB
dist/assets/travel-iris-DZeYv8lT.jpg                                151.39 kB
dist/assets/12-play-hud-BmXm1PI-.jpg                                153.04 kB
dist/assets/dashboard-after-D_u5mNB0.png                            153.37 kB
dist/assets/dashboard-BBImyBvS.png                                  154.51 kB
dist/assets/worker-stage-fixture-CVzK3xHy.png                       154.65 kB
dist/assets/journey-MNgPDgYU.png                                    157.00 kB
dist/assets/11-play-power-BiOKZ766.jpg                              157.21 kB
dist/assets/journey-share-card-DnVkWgHZ.jpg                         158.65 kB
dist/assets/about-IV079kjB.png                                      162.23 kB
dist/assets/build.worker-Bz1i8yLX.js                                164.23 kB
dist/assets/admin-desktop-Bgii3Pri.png                              164.81 kB
dist/assets/build.worker-Ct5D8RM-.js                                165.06 kB
dist/assets/27-title-ja-D_228Lmb.jpg                                165.07 kB
dist/assets/03-play-local-BhSPppKI.jpg                              165.27 kB
dist/assets/builder.worker-iKoI14ic.js                              166.36 kB
dist/assets/26-select-ja-C4Fm5CAH.jpg                               166.74 kB
dist/assets/14-map-confirm-qXHtW3_i.jpg                             167.81 kB
dist/assets/13-map-qHtPgJZp.jpg                                     167.95 kB
dist/assets/log-mobile-case-Dbdks9Yx.png                            168.97 kB
dist/assets/mobile-49iAq2Qi.png                                     173.20 kB
dist/assets/06-select-DHByF3vg.jpg                                  174.32 kB
dist/assets/01-title-DJflrxDk.jpg                                   175.24 kB
dist/assets/log-desktop-bugs-DwmloQ4J.png                           177.06 kB
dist/assets/05-play-sketch-CVav54RD.jpg                             177.12 kB
dist/assets/log-mobile-record-Bo55H-aw.png                          177.32 kB
dist/assets/hn-front-fwQvvHrF.png                                   179.44 kB
dist/assets/17-play-after-restart-D0dflL2i.jpg                      179.70 kB
dist/assets/log-mobile-bugs-CWLnysIg.png                            180.05 kB
dist/assets/screenshot-BvnYcO6q.png                                 180.39 kB
dist/assets/mobile-history-7oY_KfgC.png                             180.70 kB
dist/assets/journey-share-card-phone-DB-FiJhK.jpg                   181.28 kB
dist/assets/docent-ja-idle-DkFK4Qdu.png                             183.36 kB
dist/assets/mobile-collapsed-BnHjsLvn.png                           184.38 kB
dist/assets/10-play-tutorial-ByYalbQl.jpg                           187.89 kB
dist/assets/library-mdn-mobile-eNwiR-XY.png                         187.89 kB
dist/assets/docent-streaming-DqVZ3hlW.png                           190.06 kB
dist/assets/log-mobile-night-DuVKowNm.png                           193.10 kB
dist/assets/log-desktop-then-now-CCgnqGXH.png                       198.48 kB
dist/assets/log-mobile-clock-StgEo9UU.png                           202.98 kB
dist/assets/log-doc-D2_L82vt.png                                    206.01 kB
dist/assets/log-desktop-clock-BXClE0kP.png                          209.61 kB
dist/assets/docent-answer-Dln4tGC0.png                              212.59 kB
dist/assets/docent-mobile-CfN9w-nw.png                              218.02 kB
dist/assets/about-mobile-Bd59Jk8D.png                               220.69 kB
dist/assets/log-mobile-then-now-DKUl1sWO.png                        221.64 kB
dist/assets/ranking-z4BMjRn0.png                                    223.23 kB
dist/assets/making-islands-D1kOcDgh.png                             227.09 kB
dist/assets/making-maze-Dxa4WCqq.png                                228.81 kB
dist/assets/making-background-Dmc6EIt1.png                          229.38 kB
dist/assets/travel-gate-B8UaGR-H.jpg                                231.51 kB
dist/assets/making-capture-Qfb_tBUp.png                             232.34 kB
dist/assets/library-mobile-history-V1IHkL5T.png                     232.38 kB
dist/assets/library-mobile-CNQCujVm.png                             234.68 kB
dist/assets/log-desktop-caught-CJYwTZ_n.png                         234.82 kB
dist/assets/worker-stage-VicPjjZb.png                               235.93 kB
dist/assets/log-mobile-caught-Bl93UoSc.png                          237.31 kB
dist/assets/worker-score-unverified-M4KVZ9u1.png                    237.31 kB
dist/assets/making-bridges-DsTDzzlS.png                             237.41 kB
dist/assets/log-mobile-DxJmgEGb.png                                 237.53 kB
dist/assets/docent-ja-answer-Dl3MGiUS.png                           241.45 kB
dist/assets/worker-score-wLCQJsBI.png                               243.44 kB
dist/assets/inputs-mobile-CrHrdHET.png                              254.79 kB
dist/assets/image-gallery-Bw7Mntqq.png                              255.65 kB
dist/assets/journey-hud-CEd1zmx7.jpg                                257.27 kB
dist/assets/docent-dont-know-C8Kgg-10.png                           260.54 kB
dist/assets/stage-invite-CMLbcHz6.png                               263.64 kB
dist/assets/stage-invite-ja-BjGCg0TY.png                            267.75 kB
dist/assets/stage-invite-long-title-B1I-xICM.png                    278.18 kB
dist/assets/making-items-neBAFO-K.png                               279.30 kB
dist/assets/screenshot-rZFxg06L.png                                 290.60 kB
dist/assets/score-unverified-D8NKFPjr.png                           293.24 kB
dist/assets/wikipedia-article-C9BWFeXj.png                          295.42 kB
dist/assets/worker-CHt_0Re9.js                                      296.11 kB
dist/assets/portal-map-B2hygtC1.jpg                                 299.81 kB
dist/assets/ghost-worker-BRoKJbCW.js                                300.30 kB
dist/assets/dashboard-failures-Duru2ArI.png                         301.89 kB
dist/assets/score-verified-DwDM1tTW.png                             313.78 kB
dist/assets/portal-approach-i5TS3TF7.jpg                            313.91 kB
dist/assets/site-default-Vwq9M7JN.png                               317.87 kB
dist/assets/travel-building-U-iAgTna.jpg                            319.17 kB
dist/assets/portal-offline-CdvewKvj.jpg                             320.63 kB
dist/assets/portal-prompt-D6g6V9VH.jpg                              325.92 kB
dist/assets/worker-site-DAx2oJJY.png                                331.85 kB
dist/assets/screenshot-D4Fb4HAq.png                                 341.49 kB
dist/assets/docent-rejected-CpXRdpBJ.png                            355.82 kB
dist/assets/debugger-ui-Ba9bnoMv.png                                382.57 kB
dist/assets/making-mobile-nNQS1fm6.png                              387.91 kB
dist/assets/dashboard-cards-CIUVl_Ho.png                            391.35 kB
dist/assets/stage-invite-hero-BdJO4D72.png                          399.14 kB
dist/assets/screenshot-C_yF2OiB.png                                 399.78 kB
dist/assets/handmade-simple.keyboard-gicCbSCm.json                  412.51 kB │ gzip:  24.83 kB
dist/assets/screenshot-BwroBu3d.png                                 432.16 kB
dist/assets/making-ghost-vyhIJOQx.png                               457.09 kB
dist/assets/screenshot-BkRtYrZR.png                                 471.50 kB
dist/assets/making-3d-BKsDMHfM.png                                  478.23 kB
dist/assets/handmade-simple-BvgYkfge.png                            502.77 kB
dist/assets/screenshot-DuS2l05o.png                                 513.17 kB
dist/assets/govuk-card-grid-G137xpy4.png                            518.00 kB
dist/assets/history-list-BQsSlF-K.png                               540.65 kB
dist/assets/screenshot-DY9X3T90.png                                 550.14 kB
dist/assets/history-desktop-7jC2asy4.png                            551.71 kB
dist/assets/desktop-Di26nhSF.png                                    559.40 kB
dist/assets/screenshot-D4kZQesK.png                                 567.75 kB
dist/assets/screenshot-CP2Zxkw8.png                                 630.36 kB
dist/assets/screenshot-N9onMqlh.png                                 660.42 kB
dist/assets/library-live-qWsJIo2h.png                               697.65 kB
dist/assets/screenshot-BNwzY7wG.png                                 722.47 kB
dist/assets/screenshot-ZTO_oxN1.png                                 738.65 kB
dist/assets/inputs-desktop-esF7Xr9j.png                             796.21 kB
dist/assets/library-desktop-BUG-r5TE.png                            897.55 kB
dist/assets/screenshot-DRudE8Qn.png                               1,168.03 kB
dist/assets/library-history-DzJHY0mq.png                          1,171.66 kB
dist/assets/screenshot-BX_HMVoC.png                               1,210.81 kB
dist/assets/about-full-DS9SeaQq.png                               1,328.22 kB
dist/assets/screenshot-Cfa2UnsQ.png                               1,448.95 kB
dist/assets/screenshot-Blml9Ds5.png                               1,478.34 kB
dist/assets/screenshot-ahJe2uRj.png                               1,482.93 kB
dist/assets/screenshot-g_fWnPYw.png                               1,747.38 kB
dist/assets/screenshot-Cn2P-2qq.png                               1,854.72 kB
dist/assets/screenshot-a9UgOTPe.png                               1,941.13 kB
dist/assets/rapier_wasm3d_bg-Dd26sXQW.wasm                        2,048.13 kB │ gzip: 780.77 kB
dist/assets/screenshot-D0ryOS7_.png                               2,131.06 kB
dist/assets/screenshot-7rHmZYnY.png                               2,481.93 kB
dist/assets/screenshot-BvbZsvUr.png                               2,781.03 kB
dist/assets/screenshot-Bzumd7hM.png                               5,741.65 kB
dist/assets/AnalyticsPrivacy-CFzsyTRc.css                             0.76 kB │ gzip:   0.36 kB
dist/assets/ControllerPage-Bv-W9i7u.css                               3.86 kB │ gzip:   1.41 kB
dist/assets/catalog-ChCMvKt4.css                                      4.65 kB │ gzip:   2.48 kB
dist/assets/MakingPage-B_GeY-TK.css                                   5.96 kB │ gzip:   2.01 kB
dist/assets/history-DRpfkxG7.css                                      5.97 kB │ gzip:   1.81 kB
dist/assets/AdminPage-CDLHF2wW.css                                    6.46 kB │ gzip:   1.81 kB
dist/assets/AboutPage-dPv9PJST.css                                    6.93 kB │ gzip:   2.12 kB
dist/assets/strings-B82DWL6C.css                                      9.05 kB │ gzip:   2.54 kB
dist/assets/journey-8hTDFLQx.css                                      9.14 kB │ gzip:   2.59 kB
dist/assets/AdminJevPage-C992X9z5.css                                11.02 kB │ gzip:   2.94 kB
dist/assets/showcase-BujntZR2.css                                    11.17 kB │ gzip:   2.63 kB
dist/assets/GameApp-BNBVdiDQ.css                                     27.72 kB │ gzip:   6.61 kB
dist/assets/parts-C0tGgW3u.css                                       29.39 kB │ gzip:   6.89 kB
dist/assets/LogPage-G6W6QQAI.css                                     30.07 kB │ gzip:   6.81 kB
dist/assets/screenshot-B9Wx603P.js                                    0.06 kB │ gzip:   0.08 kB
dist/assets/screenshot-BEt2sMei.js                                    0.06 kB │ gzip:   0.08 kB
dist/assets/screenshot-BMG6CDgt.js                                    0.06 kB │ gzip:   0.08 kB
dist/assets/screenshot-BV2p0xVO.js                                    0.06 kB │ gzip:   0.08 kB
dist/assets/screenshot-BYqjkzl8.js                                    0.06 kB │ gzip:   0.08 kB
dist/assets/screenshot-Bd5PT6fg.js                                    0.06 kB │ gzip:   0.08 kB
dist/assets/screenshot-BfgRAMy9.js                                    0.06 kB │ gzip:   0.08 kB
dist/assets/screenshot-BrbMV6T5.js                                    0.06 kB │ gzip:   0.08 kB
dist/assets/screenshot-C36Bfava.js                                    0.06 kB │ gzip:   0.08 kB
dist/assets/screenshot-CBy3SHM1.js                                    0.06 kB │ gzip:   0.08 kB
dist/assets/screenshot-CKC76KN7.js                                    0.06 kB │ gzip:   0.08 kB
dist/assets/screenshot-CLIcPG-8.js                                    0.06 kB │ gzip:   0.08 kB
dist/assets/screenshot-CMmJeq_a.js                                    0.06 kB │ gzip:   0.08 kB
dist/assets/screenshot-CRq5dTye.js                                    0.06 kB │ gzip:   0.08 kB
dist/assets/screenshot-Ci0R0R0y.js                                    0.06 kB │ gzip:   0.08 kB
dist/assets/screenshot-CoTAmM-T.js                                    0.06 kB │ gzip:   0.08 kB
dist/assets/screenshot-Ctg5u3Im.js                                    0.06 kB │ gzip:   0.08 kB
dist/assets/screenshot-CzDW2hEi.js                                    0.06 kB │ gzip:   0.08 kB
dist/assets/screenshot-D93l1Er-.js                                    0.06 kB │ gzip:   0.08 kB
dist/assets/screenshot-DBpXoblV.js                                    0.06 kB │ gzip:   0.08 kB
dist/assets/screenshot-DTbYXJIO.js                                    0.06 kB │ gzip:   0.08 kB
dist/assets/screenshot-D_vBIWz3.js                                    0.06 kB │ gzip:   0.08 kB
dist/assets/screenshot-Db7CAsSB.js                                    0.06 kB │ gzip:   0.08 kB
dist/assets/screenshot-DnLsoO7s.js                                    0.06 kB │ gzip:   0.08 kB
dist/assets/screenshot-DuZll3ms.js                                    0.06 kB │ gzip:   0.08 kB
dist/assets/screenshot-EB6Jjr-1.js                                    0.06 kB │ gzip:   0.08 kB
dist/assets/screenshot-Oryti4TZ.js                                    0.06 kB │ gzip:   0.08 kB
dist/assets/handmade-simple.keyboard-BSHqsgDe.js                      0.07 kB │ gzip:   0.09 kB
dist/assets/screenshot-Db2eErF-.js                                    0.13 kB │ gzip:   0.14 kB
dist/assets/handmade-simple-BKRg7kgP.js                               0.13 kB │ gzip:   0.14 kB
dist/assets/rapier-standard-DtaxziEi.js                               0.16 kB │ gzip:   0.14 kB
dist/assets/ids-DY8LDUZw.js                                           0.27 kB │ gzip:   0.21 kB
dist/assets/I18nextProvider-CYiCDQjo.js                               0.31 kB │ gzip:   0.24 kB
dist/assets/constants-C2i6L2Gf.js                                     0.42 kB │ gzip:   0.29 kB
dist/assets/example-sparse-DchQRuKS.js                                0.50 kB │ gzip:   0.35 kB
dist/assets/rolldown-runtime-hePW80VL.js                              0.71 kB │ gzip:   0.42 kB
dist/assets/catalog-DASvZQpA.js                                       1.01 kB │ gzip:   0.61 kB
dist/assets/capture-D64Iae6H.js                                       1.18 kB │ gzip:   0.57 kB
dist/assets/api-CTor9EwL.js                                           1.43 kB │ gzip:   0.75 kB
dist/assets/ShowcaseFrame-3a9ruvid.js                                 2.01 kB │ gzip:   0.90 kB
dist/assets/ghost-DBVf2ZQ1.js                                         2.04 kB │ gzip:   1.02 kB
dist/assets/AnalyticsPrivacy-CW_8i5AU.js                              2.09 kB │ gzip:   0.83 kB
dist/assets/client-BWkL0OIF.js                                        2.20 kB │ gzip:   1.08 kB
dist/assets/Stage3D-ClXg85tN.js                                       2.59 kB │ gzip:   1.38 kB
dist/assets/JourneyPage-R1z2Vlrn.js                                   3.40 kB │ gzip:   1.18 kB
dist/assets/MazifyPage-DoWjaY2F.js                                    3.66 kB │ gzip:   1.32 kB
dist/assets/handmade-simple-BFy9jO0N.js                               3.95 kB │ gzip:   1.52 kB
dist/assets/govuk-card-grid-Cb0TqxSd.js                               4.27 kB │ gzip:   1.28 kB
dist/assets/hn-front-BR8xqX5S.js                                      4.68 kB │ gzip:   1.79 kB
dist/assets/useTranslation-CLt9brqs.js                                5.12 kB │ gzip:   2.42 kB
dist/assets/wikipedia-article-tQwt9iIX.js                             6.08 kB │ gzip:   1.80 kB
dist/assets/capture-DSmGGb0H.js                                       6.62 kB │ gzip:   1.71 kB
dist/assets/journey-Csj0176_.js                                       6.67 kB │ gzip:   3.20 kB
dist/assets/capture-CG4kI6ad.js                                       7.59 kB │ gzip:   2.17 kB
dist/assets/parts-CKaRpj15.js                                         8.00 kB │ gzip:   3.00 kB
dist/assets/mdn-dark-docs-B8-TrWS_.js                                 8.79 kB │ gzip:   2.10 kB
dist/assets/capture-EJSg9R1v.js                                       9.52 kB │ gzip:   2.41 kB
dist/assets/capture-KnlGuoWH.js                                      11.26 kB │ gzip:   2.59 kB
dist/assets/index-aSy2jE6R.js                                        13.27 kB │ gzip:   5.09 kB
dist/assets/LocalPlayPage-Dk62rTa8.js                                13.51 kB │ gzip:   5.23 kB
dist/assets/stages-BOo1xb70.js                                       14.29 kB │ gzip:   4.11 kB
dist/assets/image-gallery-Bf4Dtk9n.js                                14.80 kB │ gzip:   2.24 kB
dist/assets/locks-Ckdc9ll9.js                                        16.21 kB │ gzip:   6.77 kB
dist/assets/capture-DFOk4m8_.js                                      17.67 kB │ gzip:   3.93 kB
dist/assets/src-D5qHK5zv.js                                          19.73 kB │ gzip:   7.70 kB
dist/assets/capture-hCZBCNcP.js                                      20.10 kB │ gzip:   5.16 kB
dist/assets/strings-BE7ZerGR.js                                      20.16 kB │ gzip:   8.69 kB
dist/assets/capture-MHupB5ix.js                                      20.51 kB │ gzip:   5.26 kB
dist/assets/AdminPage-DkOloDEV.js                                    22.15 kB │ gzip:   6.08 kB
dist/assets/MakingPage-Dd2rk_Df.js                                   25.79 kB │ gzip:   8.64 kB
dist/assets/capture-Drc8YQ_O.js                                      25.84 kB │ gzip:   5.19 kB
dist/assets/capture-CcJzUCvH.js                                      26.15 kB │ gzip:   4.93 kB
dist/assets/capture-uxXy1Xhd.js                                      26.82 kB │ gzip:   6.70 kB
dist/assets/capture-_qg0q9CT.js                                      30.47 kB │ gzip:   7.75 kB
dist/assets/capture-CWXhlUQ5.js                                      33.83 kB │ gzip:   7.00 kB
dist/assets/capture-D9NFBDqk.js                                      35.71 kB │ gzip:   7.66 kB
dist/assets/capture-B5kXd3J4.js                                      37.61 kB │ gzip:   6.58 kB
dist/assets/ControllerPage-Besnzdx2.js                               37.63 kB │ gzip:  13.61 kB
dist/assets/capture-DGhqdBOS.js                                      38.25 kB │ gzip:   7.78 kB
dist/assets/capture-CQVgsVe3.js                                      38.35 kB │ gzip:   8.43 kB
dist/assets/capture-DObm3y18.js                                      38.41 kB │ gzip:   6.92 kB
dist/assets/capture-CDk9aa3G.js                                      42.68 kB │ gzip:   8.37 kB
dist/assets/capture-Bs7ZW5LT.js                                      42.85 kB │ gzip:   9.09 kB
dist/assets/capture-Ke_05OsU.js                                      45.40 kB │ gzip:   7.93 kB
dist/assets/capture-DsTBLmse.js                                      49.71 kB │ gzip:   9.70 kB
dist/assets/capture-DTQjDNc8.js                                      59.54 kB │ gzip:  12.08 kB
dist/assets/capture-C3i-t3AM.js                                      61.26 kB │ gzip:  13.56 kB
dist/assets/AdminJevPage-DevTZsD_.js                                 61.89 kB │ gzip:  21.77 kB
dist/assets/capture-zEAla4g0.js                                      64.50 kB │ gzip:  14.60 kB
dist/assets/history-B-60Y8a7.js                                      64.74 kB │ gzip:  21.56 kB
dist/assets/capture-Ko1jPw_4.js                                      73.21 kB │ gzip:  16.12 kB
dist/assets/i18n-CKT6nKlx.js                                         73.84 kB │ gzip:  25.40 kB
dist/assets/capture-CGyTzsjt.js                                      75.16 kB │ gzip:  17.08 kB
dist/assets/src-EsRo9atA.js                                          82.33 kB │ gzip:  31.74 kB
dist/assets/capture-Sz2puiQo.js                                      87.99 kB │ gzip:  16.72 kB
dist/assets/AboutPage-Wf2stp9i.js                                    88.01 kB │ gzip:  25.51 kB
dist/assets/src-BnqpF4eW.js                                         102.52 kB │ gzip:  29.91 kB
dist/assets/rapier-BZUIoljZ.js                                      157.63 kB │ gzip:  29.00 kB
dist/assets/GameApp-DKC5o08e.js                                     259.55 kB │ gzip:  80.70 kB
dist/assets/vendor-react-D0LzS09L.js                                311.50 kB │ gzip:  98.19 kB
dist/assets/LogPage-Coyvvi87.js                                     548.64 kB │ gzip: 202.36 kB
dist/assets/vendor-three-BzC9CBSw.js                                913.43 kB │ gzip: 250.93 kB

[plugin builtin:vite-reporter] 
(!) Some chunks are larger than 500 kB after minification. Consider:
- Using dynamic import() to code-split the application
- Use build.rolldownOptions.output.codeSplitting to improve chunking: https://rolldown.rs/reference/OutputOptions.codeSplitting
- Adjust chunk size limit for this warning via build.chunkSizeWarningLimit.
✓ built in 465ms
Audit build bound to runtime 2dea315aa07b5e7dc00670e1ccbac7c1ce626eaeac09149ae8e808db9c0dc645, 383 assets.
